[1787720264.038] [gateway] [INFO ] [openshell_server::grpc::sandbox] minted sandbox JWT
[1787720264.043] [gateway] [INFO ] [openshell_server::grpc::sandbox] CreateSandbox request completed successfully
[1787720264.299] [gateway] [INFO ] [openshell_server::grpc::policy] GetSandboxConfig served from spec (backfilled version 1)
[1787720280.686] [sandbox] [INFO ] [openshell_sandbox] Starting sandbox command=["/usr/local/bin/node", "/app/src/index.mjs"]
[1787720280.688] [sandbox] [INFO ] [openshell_sandbox] Fetching sandbox policy via gRPC endpoint=https://host.openshell.internal:17670/ sandbox_id=392704ad-968b-4cdc-8ef8-3042a3686bc7
[1787720280.798] [gateway] [INFO ] [openshell_server::grpc::policy] GetSandboxProviderEnvironment request completed successfully
[1787720280.973] [gateway] [INFO ] [openshell_server::grpc::policy] ReportPolicyStatus: sandbox reported policy load result
[1787720280.977] [gateway] [INFO ] [openshell_server::supervisor_session] supervisor session: accepted
[1787720281.006] [gateway] [INFO ] [openshell_server::supervisor_session] supervisor session: relay opened successfully
[1787720281.006] [gateway] [INFO ] [openshell_server::supervisor_session] relay stream: claimed pending relay, bridging
[1787720280.692] [sandbox] [OCSF ] [ocsf] CONFIG:ENRICHED [INFO] Enriched policy with baseline filesystem paths for proxy mode
[1787720280.698] [sandbox] [INFO ] [openshell_sandbox] Creating OPA engine from proto policy data
[1787720280.699] [sandbox] [INFO ] [openshell_supervisor_network::opa] Configured OPA runtime binary identity mode require_binary_identity=true source=proto
[1787720280.700] [sandbox] [OCSF ] [ocsf] CONFIG:CONFIGURED [INFO] OPA runtime binary identity mode configured [source:proto require_binary_identity:true] [source:proto]
[1787720280.706] [sandbox] [OCSF ] [ocsf] CONFIG:LOADED [INFO] Fetched provider environment [env_count:1]
[1787720280.706] [sandbox] [OCSF ] [ocsf] CONFIG:CREATING [INFO] Creating network namespace [ns:sandbox-7ff93280 host_veth:veth-h-7ff93280 sandbox_veth:veth-s-7ff93280]
[1787720280.842] [sandbox] [OCSF ] [ocsf] CONFIG:CREATED [INFO] Network namespace created [ns:sandbox-7ff93280 host_ip:10.200.0.1 sandbox_ip:10.200.0.2]
[1787720280.865] [sandbox] [OCSF ] [ocsf] CONFIG:INSTALLED [INFO] Bypass detection rules installed [ns:sandbox-7ff93280]
[1787720280.869] [sandbox] [OCSF ] [ocsf] CONFIG:ENABLED [INFO] TLS termination enabled: ephemeral CA generated
[1787720280.869] [sandbox] [INFO ] [openshell_supervisor_network::inference_routes] Fetching inference route bundle from gateway endpoint=https://host.openshell.internal:17670/
[1787720280.873] [sandbox] [OCSF ] [ocsf] CONFIG:LOADED [INFO] Loaded inference route bundle [route_count:1 revision:3724d81ba11cfb74]
[1787720280.873] [sandbox] [OCSF ] [ocsf] CONFIG:ENABLED [INFO] Inference routing enabled with local execution [route_count:1]
[1787720280.874] [sandbox] [OCSF ] [ocsf] NET:LISTEN [INFO] 10.200.0.1:3128
[1787720280.875] [sandbox] [WARN ] [openshell_supervisor_network::proxy] host.openshell.internal maps to a non-link-local IP; trusted-gateway SSRF exemption disabled ip=192.168.127.254
[1787720280.875] [sandbox] [OCSF ] [ocsf] CONFIG:VALIDATED [INFO] Accepted numeric UID 1000 (no passwd entry required)
[1787720280.875] [sandbox] [OCSF ] [ocsf] CONFIG:VALIDATED [INFO] Accepted numeric GID 1000 (no group entry required)
[1787720280.880] [sandbox] [WARN ] [openshell_supervisor_process::process] runtime cgroup pids.max is unavailable (No such file or directory (os error 2)); configure the compute driver or container runtime to enforce a PID limit
[1787720280.880] [sandbox] [OCSF ] [ocsf] FINDING:CREATE [HIGH] "Landlock Filesystem Sandbox Unavailable" [type:landlock-unavailable confidence:high]
[1787720280.881] [sandbox] [OCSF ] [ocsf] FINDING:CREATE [HIGH] "Landlock Filesystem Sandbox Unavailable" [type:landlock-unavailable confidence:high]
[1787720280.882] [sandbox] [OCSF ] [ocsf] CONFIG:LOADED [INFO] Acknowledged initial policy revision as loaded [version:2] [hash:03f15e9c6b3e59a3579543105e362cde1eed25998fa3775118d63fc875d8a0ee]
[1787720280.883] [sandbox] [OCSF ] [ocsf] SSH:LISTEN [INFO]
[1787720280.883] [sandbox] [OCSF ] [ocsf] LIFECYCLE:INSTALL [INFO] OpenShell Sandbox Supervisor success
[1787720280.883] [sandbox] [INFO ] [openshell_supervisor_process::run] supervisor session task spawned
[1787720280.884] [sandbox] [OCSF ] [ocsf] PROC:LAUNCH [INFO] /usr/local/bin/node(384)
[1787720280.887] [sandbox] [OCSF ] [ocsf] NET:OPEN [INFO] host.openshell.internal:17670
[1787720280.913] [sandbox] [OCSF ] [ocsf] NET:OPEN [INFO] [msg:ssh relay open (channel_id=3ba20c6b-614d-47ab-ac42-c48d501b47a8, target=unix:/run/openshell/ssh.sock)]
[1787720280.914] [sandbox] [OCSF ] [ocsf] SSH:OPEN [INFO] ALLOWED
[1787720281.653] [sandbox] [INFO ] [openshell_supervisor_network::run] Container filesystem accessible, resolving policy binary symlinks attempt=1 pid=384
[1787720281.654] [sandbox] [INFO ] [openshell_supervisor_network::opa] Configured OPA runtime binary identity mode require_binary_identity=true source=proto
[1787720281.654] [sandbox] [OCSF ] [ocsf] CONFIG:CONFIGURED [INFO] OPA runtime binary identity mode configured [source:proto require_binary_identity:true] [source:proto]
[1787720281.660] [sandbox] [INFO ] [openshell_supervisor_network::run] Policy binary symlink resolution complete (check logs above for per-binary results) pid=384
[1787720283.944] [gateway] [INFO ] [openshell_server::supervisor_session] supervisor session: stream closed by supervisor
[1787720283.944] [gateway] [INFO ] [openshell_server::supervisor_session] supervisor session: ended
Error:   × code: 'The operation was cancelled', message: "stream closed"

