[1787720448.137] [gateway] [INFO ] [openshell_server::grpc::sandbox] minted sandbox JWT
[1787720448.141] [gateway] [INFO ] [openshell_server::grpc::sandbox] CreateSandbox request completed successfully
[1787720448.412] [gateway] [INFO ] [openshell_server::grpc::policy] GetSandboxConfig served from spec (backfilled version 1)
[1787720449.753] [sandbox] [INFO ] [openshell_sandbox] Starting sandbox command=["/usr/local/bin/node", "/app/src/index.mjs"]
[1787720449.753] [sandbox] [INFO ] [openshell_sandbox] Fetching sandbox policy via gRPC endpoint=https://host.openshell.internal:17670/ sandbox_id=a4176e00-0d68-4aa8-adc6-22ce98f51b10
[1787720449.997] [gateway] [INFO ] [openshell_server::grpc::policy] GetSandboxProviderEnvironment request completed successfully
[1787720450.113] [gateway] [INFO ] [openshell_server::grpc::policy] ReportPolicyStatus: sandbox reported policy load result
[1787720450.117] [gateway] [INFO ] [openshell_server::supervisor_session] supervisor session: accepted
[1787720450.158] [gateway] [INFO ] [openshell_server::supervisor_session] supervisor session: relay opened successfully
[1787720450.158] [gateway] [INFO ] [openshell_server::supervisor_session] relay stream: claimed pending relay, bridging
[1787720449.760] [sandbox] [OCSF ] [ocsf] CONFIG:ENRICHED [INFO] Enriched policy with baseline filesystem paths for proxy mode
[1787720449.767] [sandbox] [INFO ] [openshell_sandbox] Creating OPA engine from proto policy data
[1787720449.768] [sandbox] [INFO ] [openshell_supervisor_network::opa] Configured OPA runtime binary identity mode require_binary_identity=true source=proto
[1787720449.769] [sandbox] [OCSF ] [ocsf] CONFIG:CONFIGURED [INFO] OPA runtime binary identity mode configured [source:proto require_binary_identity:true] [source:proto]
[1787720449.776] [sandbox] [OCSF ] [ocsf] CONFIG:LOADED [INFO] Fetched provider environment [env_count:1]
[1787720449.776] [sandbox] [OCSF ] [ocsf] CONFIG:CREATING [INFO] Creating network namespace [ns:sandbox-930a18e3 host_veth:veth-h-930a18e3 sandbox_veth:veth-s-930a18e3]
[1787720449.858] [sandbox] [OCSF ] [ocsf] CONFIG:CREATED [INFO] Network namespace created [ns:sandbox-930a18e3 host_ip:10.200.0.1 sandbox_ip:10.200.0.2]
[1787720449.877] [sandbox] [OCSF ] [ocsf] CONFIG:INSTALLED [INFO] Bypass detection rules installed [ns:sandbox-930a18e3]
[1787720449.880] [sandbox] [OCSF ] [ocsf] CONFIG:ENABLED [INFO] TLS termination enabled: ephemeral CA generated
[1787720449.880] [sandbox] [INFO ] [openshell_supervisor_network::inference_routes] Fetching inference route bundle from gateway endpoint=https://host.openshell.internal:17670/
[1787720449.883] [sandbox] [OCSF ] [ocsf] CONFIG:LOADED [INFO] Loaded inference route bundle [route_count:1 revision:3724d81ba11cfb74]
[1787720449.883] [sandbox] [OCSF ] [ocsf] CONFIG:ENABLED [INFO] Inference routing enabled with local execution [route_count:1]
[1787720449.884] [sandbox] [OCSF ] [ocsf] NET:LISTEN [INFO] 10.200.0.1:3128
[1787720449.884] [sandbox] [WARN ] [openshell_supervisor_network::proxy] host.openshell.internal maps to a non-link-local IP; trusted-gateway SSRF exemption disabled ip=192.168.127.254
[1787720449.884] [sandbox] [OCSF ] [ocsf] CONFIG:VALIDATED [INFO] Accepted numeric UID 1000 (no passwd entry required)
[1787720449.885] [sandbox] [OCSF ] [ocsf] CONFIG:VALIDATED [INFO] Accepted numeric GID 1000 (no group entry required)
[1787720449.890] [sandbox] [WARN ] [openshell_supervisor_process::process] runtime cgroup pids.max is unavailable (No such file or directory (os error 2)); configure the compute driver or container runtime to enforce a PID limit
[1787720449.890] [sandbox] [OCSF ] [ocsf] FINDING:CREATE [HIGH] "Landlock Filesystem Sandbox Unavailable" [type:landlock-unavailable confidence:high]
[1787720449.890] [sandbox] [OCSF ] [ocsf] FINDING:CREATE [HIGH] "Landlock Filesystem Sandbox Unavailable" [type:landlock-unavailable confidence:high]
[1787720449.891] [sandbox] [OCSF ] [ocsf] CONFIG:LOADED [INFO] Acknowledged initial policy revision as loaded [version:2] [hash:8d1a95c4f58fc0e6d6300598bb70c24f4b7e5c4fcb426645157163b3f411841c]
[1787720449.892] [sandbox] [OCSF ] [ocsf] SSH:LISTEN [INFO]
[1787720449.893] [sandbox] [OCSF ] [ocsf] LIFECYCLE:INSTALL [INFO] OpenShell Sandbox Supervisor success
[1787720449.893] [sandbox] [INFO ] [openshell_supervisor_process::run] supervisor session task spawned
[1787720449.893] [sandbox] [OCSF ] [ocsf] PROC:LAUNCH [INFO] /usr/local/bin/node(385)
[1787720449.897] [sandbox] [OCSF ] [ocsf] NET:OPEN [INFO] host.openshell.internal:17670
[1787720449.935] [sandbox] [OCSF ] [ocsf] NET:OPEN [INFO] [msg:ssh relay open (channel_id=c8f46a1b-5951-468c-9ae6-85956604280e, target=unix:/run/openshell/ssh.sock)]
[1787720449.935] [sandbox] [OCSF ] [ocsf] SSH:OPEN [INFO] ALLOWED
[1787720450.735] [sandbox] [INFO ] [openshell_supervisor_network::run] Container filesystem accessible, resolving policy binary symlinks attempt=1 pid=385
[1787720450.735] [sandbox] [INFO ] [openshell_supervisor_network::opa] Configured OPA runtime binary identity mode require_binary_identity=true source=proto
[1787720450.735] [sandbox] [OCSF ] [ocsf] CONFIG:CONFIGURED [INFO] OPA runtime binary identity mode configured [source:proto require_binary_identity:true] [source:proto]
[1787720450.742] [sandbox] [INFO ] [openshell_supervisor_network::run] Policy binary symlink resolution complete (check logs above for per-binary results) pid=385
[1787720453.075] [gateway] [INFO ] [openshell_server::supervisor_session] supervisor session: stream closed by supervisor
[1787720453.075] [gateway] [INFO ] [openshell_server::supervisor_session] supervisor session: ended
Error:   × code: 'The operation was cancelled', message: "stream closed"

