[1787720175.524] [gateway] [INFO ] [openshell_server::grpc::sandbox] minted sandbox JWT
[1787720175.527] [gateway] [INFO ] [openshell_server::grpc::sandbox] CreateSandbox request completed successfully
[1787720175.783] [gateway] [INFO ] [openshell_server::grpc::policy] GetSandboxConfig served from spec (backfilled version 1)
[1787720191.711] [sandbox] [INFO ] [openshell_sandbox] Starting sandbox command=["/usr/local/bin/node", "/app/src/index.mjs"]
[1787720191.712] [sandbox] [INFO ] [openshell_sandbox] Fetching sandbox policy via gRPC endpoint=https://host.openshell.internal:17670/ sandbox_id=d1aebf64-90de-4ffe-bee7-c474eb4e18b6
[1787720192.121] [gateway] [INFO ] [openshell_server::grpc::policy] GetSandboxProviderEnvironment request completed successfully
[1787720192.258] [gateway] [INFO ] [openshell_server::grpc::policy] ReportPolicyStatus: sandbox reported policy load result
[1787720192.262] [gateway] [INFO ] [openshell_server::supervisor_session] supervisor session: accepted
[1787720192.293] [gateway] [INFO ] [openshell_server::supervisor_session] supervisor session: relay opened successfully
[1787720192.293] [gateway] [INFO ] [openshell_server::supervisor_session] relay stream: claimed pending relay, bridging
[1787720191.718] [sandbox] [OCSF ] [ocsf] CONFIG:ENRICHED [INFO] Enriched policy with baseline filesystem paths for proxy mode
[1787720191.723] [sandbox] [INFO ] [openshell_sandbox] Creating OPA engine from proto policy data
[1787720191.724] [sandbox] [INFO ] [openshell_supervisor_network::opa] Configured OPA runtime binary identity mode require_binary_identity=true source=proto
[1787720191.725] [sandbox] [OCSF ] [ocsf] CONFIG:CONFIGURED [INFO] OPA runtime binary identity mode configured [source:proto require_binary_identity:true] [source:proto]
[1787720191.731] [sandbox] [OCSF ] [ocsf] CONFIG:LOADED [INFO] Fetched provider environment [env_count:1]
[1787720191.732] [sandbox] [OCSF ] [ocsf] CONFIG:CREATING [INFO] Creating network namespace [ns:sandbox-f5032dc9 host_veth:veth-h-f5032dc9 sandbox_veth:veth-s-f5032dc9]
[1787720191.836] [sandbox] [OCSF ] [ocsf] CONFIG:CREATED [INFO] Network namespace created [ns:sandbox-f5032dc9 host_ip:10.200.0.1 sandbox_ip:10.200.0.2]
[1787720191.854] [sandbox] [OCSF ] [ocsf] CONFIG:INSTALLED [INFO] Bypass detection rules installed [ns:sandbox-f5032dc9]
[1787720191.856] [sandbox] [OCSF ] [ocsf] CONFIG:ENABLED [INFO] TLS termination enabled: ephemeral CA generated
[1787720191.856] [sandbox] [INFO ] [openshell_supervisor_network::inference_routes] Fetching inference route bundle from gateway endpoint=https://host.openshell.internal:17670/
[1787720191.860] [sandbox] [OCSF ] [ocsf] CONFIG:LOADED [INFO] Loaded inference route bundle [route_count:1 revision:3724d81ba11cfb74]
[1787720191.860] [sandbox] [OCSF ] [ocsf] CONFIG:ENABLED [INFO] Inference routing enabled with local execution [route_count:1]
[1787720191.861] [sandbox] [OCSF ] [ocsf] NET:LISTEN [INFO] 10.200.0.1:3128
[1787720191.861] [sandbox] [WARN ] [openshell_supervisor_network::proxy] host.openshell.internal maps to a non-link-local IP; trusted-gateway SSRF exemption disabled ip=192.168.127.254
[1787720191.861] [sandbox] [OCSF ] [ocsf] CONFIG:VALIDATED [INFO] Accepted numeric UID 1000 (no passwd entry required)
[1787720191.861] [sandbox] [OCSF ] [ocsf] CONFIG:VALIDATED [INFO] Accepted numeric GID 1000 (no group entry required)
[1787720191.867] [sandbox] [WARN ] [openshell_supervisor_process::process] runtime cgroup pids.max is unavailable (No such file or directory (os error 2)); configure the compute driver or container runtime to enforce a PID limit
[1787720191.867] [sandbox] [OCSF ] [ocsf] FINDING:CREATE [HIGH] "Landlock Filesystem Sandbox Unavailable" [type:landlock-unavailable confidence:high]
[1787720191.867] [sandbox] [OCSF ] [ocsf] FINDING:CREATE [HIGH] "Landlock Filesystem Sandbox Unavailable" [type:landlock-unavailable confidence:high]
[1787720191.868] [sandbox] [OCSF ] [ocsf] CONFIG:LOADED [INFO] Acknowledged initial policy revision as loaded [version:2] [hash:a63d0bf9cbb45356e9aae9e316d24330537bfbda0aa4414d568a4b10d077303c]
[1787720191.869] [sandbox] [OCSF ] [ocsf] SSH:LISTEN [INFO]
[1787720191.869] [sandbox] [OCSF ] [ocsf] LIFECYCLE:INSTALL [INFO] OpenShell Sandbox Supervisor success
[1787720191.869] [sandbox] [INFO ] [openshell_supervisor_process::run] supervisor session task spawned
[1787720191.870] [sandbox] [OCSF ] [ocsf] PROC:LAUNCH [INFO] /usr/local/bin/node(383)
[1787720191.872] [sandbox] [OCSF ] [ocsf] NET:OPEN [INFO] host.openshell.internal:17670
[1787720191.902] [sandbox] [OCSF ] [ocsf] NET:OPEN [INFO] [msg:ssh relay open (channel_id=39d03069-8178-42b1-9438-324cc049ffc0, target=unix:/run/openshell/ssh.sock)]
[1787720191.902] [sandbox] [OCSF ] [ocsf] SSH:OPEN [INFO] ALLOWED
[1787720192.706] [sandbox] [INFO ] [openshell_supervisor_network::run] Container filesystem accessible, resolving policy binary symlinks attempt=1 pid=383
[1787720192.707] [sandbox] [INFO ] [openshell_supervisor_network::opa] Configured OPA runtime binary identity mode require_binary_identity=true source=proto
[1787720192.707] [sandbox] [OCSF ] [ocsf] CONFIG:CONFIGURED [INFO] OPA runtime binary identity mode configured [source:proto require_binary_identity:true] [source:proto]
[1787720192.713] [sandbox] [INFO ] [openshell_supervisor_network::run] Policy binary symlink resolution complete (check logs above for per-binary results) pid=383
[1787720195.221] [gateway] [INFO ] [openshell_server::supervisor_session] supervisor session: stream closed by supervisor
[1787720195.221] [gateway] [INFO ] [openshell_server::supervisor_session] supervisor session: ended
Error:   × code: 'The operation was cancelled', message: "stream closed"

